#
# Test WCS.
#
# REQUIRES: INPUT=GDAL OUTPUT=PNG SUPPORTS=WCS
#
# Some post tests
# RUN_PARMS: wcs_20_post_cap.xml [MAPSERV] -nh [POST]<?xml version="1.0" encoding="UTF-8"?><wcs:GetCapabilities xmlns:wcs="http://www.opengis.net/wcs/2.0" service="WCS" version="2.0.0"/>[/POST] > [RESULT_DEMIME]
#
# RUN_PARMS: wcs_20_post_desc.xml [MAPSERV] -nh [POST]<?xml version="1.0" encoding="UTF-8"?><wcs:DescribeCoverage xmlns:wcs="http://www.opengis.net/wcs/2.0" version="2.0.0" service="WCS"><wcs:coverageid>grey</wcs:coverageid></wcs:DescribeCoverage>[/POST] > [RESULT_DEMIME]
#
# Subsetting
# RUN_PARMS: wcs_20_post_getcov_trim_x_min.tif [MAPSERV] -nh [POST]<?xml version="1.0" encoding="UTF-8"?><wcs:GetCoverage xmlns:wcs="http://www.opengis.net/wcs/2.0" service="WCS" version="2.0.0"><wcs:Format>image/tiff</wcs:Format><wcs:CoverageID>grey</wcs:CoverageID><wcs:DimensionTrim><wcs:Dimension>x</wcs:Dimension><wcs:TrimLow>20</wcs:TrimLow></wcs:DimensionTrim></wcs:GetCoverage>[/POST] > [RESULT_DEMIME]
# RUN_PARMS: wcs_20_post_getcov_trim_x_max.tif [MAPSERV] -nh [POST]<?xml version="1.0" encoding="UTF-8"?><wcs:GetCoverage xmlns:wcs="http://www.opengis.net/wcs/2.0" service="WCS" version="2.0.0"><wcs:Format>image/tiff</wcs:Format><wcs:CoverageID>grey</wcs:CoverageID><wcs:DimensionTrim><wcs:Dimension>x</wcs:Dimension><wcs:TrimHigh>20</wcs:TrimHigh></wcs:DimensionTrim></wcs:GetCoverage>[/POST] > [RESULT_DEMIME]
# RUN_PARMS: wcs_20_post_getcov_trim_x_both.tif [MAPSERV] -nh [POST]<?xml version="1.0" encoding="UTF-8"?><wcs:GetCoverage xmlns:wcs="http://www.opengis.net/wcs/2.0" service="WCS" version="2.0.0"><wcs:Format>image/tiff</wcs:Format><wcs:CoverageID>grey</wcs:CoverageID><wcs:DimensionTrim><wcs:Dimension>x</wcs:Dimension><wcs:TrimLow>10</wcs:TrimLow><wcs:TrimHigh>20</wcs:TrimHigh></wcs:DimensionTrim></wcs:GetCoverage>[/POST] > [RESULT_DEMIME]
# RUN_PARMS: wcs_20_post_getcov_trim_y_max.tif [MAPSERV] -nh [POST]<?xml version="1.0" encoding="UTF-8"?><wcs:GetCoverage xmlns:wcs="http://www.opengis.net/wcs/2.0" service="WCS" version="2.0.0"><wcs:Format>image/tiff</wcs:Format><wcs:CoverageID>grey</wcs:CoverageID><wcs:DimensionTrim><wcs:Dimension>y</wcs:Dimension><wcs:TrimLow>20</wcs:TrimLow></wcs:DimensionTrim></wcs:GetCoverage>[/POST] > [RESULT_DEMIME]
# RUN_PARMS: wcs_20_post_getcov_trim_y_min.tif [MAPSERV] -nh [POST]<?xml version="1.0" encoding="UTF-8"?><wcs:GetCoverage xmlns:wcs="http://www.opengis.net/wcs/2.0" service="WCS" version="2.0.0"><wcs:Format>image/tiff</wcs:Format><wcs:CoverageID>grey</wcs:CoverageID><wcs:DimensionTrim><wcs:Dimension>y</wcs:Dimension><wcs:TrimHigh>20</wcs:TrimHigh></wcs:DimensionTrim></wcs:GetCoverage>[/POST] > [RESULT_DEMIME]
# RUN_PARMS: wcs_20_post_getcov_trim_y_both.tif [MAPSERV] -nh [POST]<?xml version="1.0" encoding="UTF-8"?><wcs:GetCoverage xmlns:wcs="http://www.opengis.net/wcs/2.0" service="WCS" version="2.0.0"><wcs:Format>image/tiff</wcs:Format><wcs:CoverageID>grey</wcs:CoverageID><wcs:DimensionTrim><wcs:Dimension>y</wcs:Dimension><wcs:TrimLow>10</wcs:TrimLow><wcs:TrimHigh>20</wcs:TrimHigh></wcs:DimensionTrim></wcs:GetCoverage>[/POST] > [RESULT_DEMIME]
# RUN_PARMS: wcs_20_post_getcov_trim_x_y_both.tif [MAPSERV] -nh [POST]<?xml version="1.0" encoding="UTF-8"?><wcs:GetCoverage xmlns:wcs="http://www.opengis.net/wcs/2.0" service="WCS" version="2.0.0"><wcs:Format>image/tiff</wcs:Format><wcs:CoverageID>grey</wcs:CoverageID><wcs:DimensionTrim><wcs:Dimension>x</wcs:Dimension><wcs:TrimLow>10</wcs:TrimLow><wcs:TrimHigh>20</wcs:TrimHigh></wcs:DimensionTrim><wcs:DimensionTrim><wcs:Dimension>y</wcs:Dimension><wcs:TrimLow>10</wcs:TrimLow><wcs:TrimHigh>20</wcs:TrimHigh></wcs:DimensionTrim></wcs:GetCoverage>[/POST] > [RESULT_DEMIME]
# RUN_PARMS: wcs_20_post_getcov_full_multipart.dat [MAPSERV] -nh [POST]<?xml version="1.0" encoding="UTF-8"?><wcs:GetCoverage xmlns:wcs="http://www.opengis.net/wcs/2.0" service="WCS" version="2.0.0"><wcs:Format>image/tiff</wcs:Format><wcs:CoverageID>grey</wcs:CoverageID><wcs:Mediatype>multipart/mixed</wcs:Mediatype></wcs:GetCoverage>[/POST] > [RESULT_DEMIME]
#
# Subsetting in diverse CRS
# RUN_PARMS: wcs_20_post_getcov_imageCRS.tif [MAPSERV] -nh [POST]<?xml version="1.0" encoding="UTF-8"?><wcs:GetCoverage xmlns:wcs="http://www.opengis.net/wcs/2.0" service="WCS" version="2.0.0"><wcs:Format>image/tiff</wcs:Format><wcs:CoverageID>grey</wcs:CoverageID><wcs:DimensionTrim><wcs:Dimension crs="imageCRS">x</wcs:Dimension><wcs:TrimLow>0</wcs:TrimLow><wcs:TrimHigh>10</wcs:TrimHigh></wcs:DimensionTrim><wcs:DimensionTrim><wcs:Dimension crs="imageCRS">y</wcs:Dimension><wcs:TrimLow>0</wcs:TrimLow><wcs:TrimHigh>10</wcs:TrimHigh></wcs:DimensionTrim></wcs:GetCoverage>[/POST] > [RESULT_DEMIME]
# RUN_PARMS: wcs_20_post_getcov_origCRS.tif [MAPSERV] -nh [POST]<?xml version="1.0" encoding="UTF-8"?><wcs:GetCoverage xmlns:wcs="http://www.opengis.net/wcs/2.0" service="WCS" version="2.0.0"><wcs:Format>image/tiff</wcs:Format><wcs:CoverageID>grey</wcs:CoverageID><wcs:DimensionTrim><wcs:Dimension crs="http://www.opengis.net/def/crs/EPSG/0/32611">x</wcs:Dimension><wcs:TrimLow>0</wcs:TrimLow><wcs:TrimHigh>50</wcs:TrimHigh></wcs:DimensionTrim><wcs:DimensionTrim><wcs:Dimension crs="http://www.opengis.net/def/crs/EPSG/0/32611">y</wcs:Dimension><wcs:TrimLow>0</wcs:TrimLow><wcs:TrimHigh>50</wcs:TrimHigh></wcs:DimensionTrim></wcs:GetCoverage>[/POST] > [RESULT_DEMIME]
# RUN_PARMS: wcs_20_post_getcov_reproj.tif [MAPSERV] -nh [POST]<?xml version="1.0" encoding="UTF-8"?><wcs:GetCoverage xmlns:wcs="http://www.opengis.net/wcs/2.0" service="WCS" version="2.0.0"><wcs:Format>image/tiff</wcs:Format><wcs:CoverageID>grey</wcs:CoverageID><wcs:DimensionTrim><wcs:Dimension crs="http://www.opengis.net/def/crs/EPSG/0/4326">lon</wcs:Dimension><wcs:TrimLow>-121.488</wcs:TrimLow><wcs:TrimHigh>-121.487</wcs:TrimHigh></wcs:DimensionTrim><wcs:DimensionTrim><wcs:Dimension crs="http://www.opengis.net/def/crs/EPSG/0/4326">lat</wcs:Dimension><wcs:TrimLow>0.000</wcs:TrimLow><wcs:TrimHigh>0.001</wcs:TrimHigh></wcs:DimensionTrim></wcs:GetCoverage>[/POST] > [RESULT_DEMIME]
#
# Scaling 
# RUN_PARMS: wcs_20_post_getcov_scaling_size_full.tif [MAPSERV] -nh [POST]<?xml version="1.0" encoding="UTF-8"?><wcs:GetCoverage xmlns:wcs="http://www.opengis.net/wcs/2.0" service="WCS" version="2.0.0"><wcs:Format>image/tiff</wcs:Format><wcs:CoverageID>grey</wcs:CoverageID><wcs:Size dimension="x">10</wcs:Size><wcs:Size dimension="y">20</wcs:Size></wcs:GetCoverage>[/POST] > [RESULT_DEMIME]
# RUN_PARMS: wcs_20_post_getcov_scaling_resolution_full.tif [MAPSERV] -nh [POST]<?xml version="1.0" encoding="UTF-8"?><wcs:GetCoverage xmlns:wcs="http://www.opengis.net/wcs/2.0" service="WCS" version="2.0.0"><wcs:Format>image/tiff</wcs:Format><wcs:CoverageID>grey</wcs:CoverageID><wcs:Resolution dimension="x">20</wcs:Resolution><wcs:Resolution dimension="y">20</wcs:Resolution></wcs:GetCoverage>[/POST] > [RESULT_DEMIME]
# RUN_PARMS: wcs_20_post_getcov_scaling_size_trim_both.tif [MAPSERV] -nh [POST]<?xml version="1.0" encoding="UTF-8"?><wcs:GetCoverage xmlns:wcs="http://www.opengis.net/wcs/2.0" service="WCS" version="2.0.0"><wcs:Format>image/tiff</wcs:Format><wcs:CoverageID>grey</wcs:CoverageID><wcs:Size dimension="x">40</wcs:Size><wcs:Size dimension="y">40</wcs:Size><wcs:DimensionTrim><wcs:Dimension>x</wcs:Dimension><wcs:TrimLow>10</wcs:TrimLow><wcs:TrimHigh>30</wcs:TrimHigh></wcs:DimensionTrim><wcs:DimensionTrim><wcs:Dimension>y</wcs:Dimension><wcs:TrimLow>10</wcs:TrimLow><wcs:TrimHigh>30</wcs:TrimHigh></wcs:DimensionTrim></wcs:GetCoverage>[/POST] > [RESULT_DEMIME]
# RUN_PARMS: wcs_20_post_getcov_scaling_resolution_trim_both.tif [MAPSERV] -nh [POST]<?xml version="1.0" encoding="UTF-8"?><wcs:GetCoverage xmlns:wcs="http://www.opengis.net/wcs/2.0" service="WCS" version="2.0.0"><wcs:Format>image/tiff</wcs:Format><wcs:CoverageID>grey</wcs:CoverageID><wcs:Resolution dimension="x">5</wcs:Resolution><wcs:Resolution dimension="y">5</wcs:Resolution><wcs:DimensionTrim><wcs:Dimension>x</wcs:Dimension><wcs:TrimLow>10</wcs:TrimLow><wcs:TrimHigh>30</wcs:TrimHigh></wcs:DimensionTrim><wcs:DimensionTrim><wcs:Dimension>y</wcs:Dimension><wcs:TrimLow>10</wcs:TrimLow><wcs:TrimHigh>30</wcs:TrimHigh></wcs:DimensionTrim></wcs:GetCoverage>[/POST] > [RESULT_DEMIME]
#
# Scaling in imageCRS
# RUN_PARMS: wcs_20_post_getcov_imageCRS_scaling_size_trim_both.tif [MAPSERV] -nh [POST]<?xml version="1.0" encoding="UTF-8"?><wcs:GetCoverage xmlns:wcs="http://www.opengis.net/wcs/2.0" service="WCS" version="2.0.0"><wcs:Format>image/tiff</wcs:Format><wcs:CoverageID>grey</wcs:CoverageID><wcs:Size dimension="x">20</wcs:Size><wcs:Size dimension="y">30</wcs:Size><wcs:DimensionTrim><wcs:Dimension crs="imageCRS">x</wcs:Dimension><wcs:TrimLow>10</wcs:TrimLow><wcs:TrimHigh>20</wcs:TrimHigh></wcs:DimensionTrim><wcs:DimensionTrim><wcs:Dimension crs="imageCRS">y</wcs:Dimension><wcs:TrimLow>10</wcs:TrimLow><wcs:TrimHigh>30</wcs:TrimHigh></wcs:DimensionTrim></wcs:GetCoverage>[/POST] > [RESULT_DEMIME]
# RUN_PARMS: wcs_20_post_getcov_imageCRS_scaling_resolution_trim_both.tif [MAPSERV] -nh [POST]<?xml version="1.0" encoding="UTF-8"?><wcs:GetCoverage xmlns:wcs="http://www.opengis.net/wcs/2.0" service="WCS" version="2.0.0"><wcs:Format>image/tiff</wcs:Format><wcs:CoverageID>grey</wcs:CoverageID><wcs:Resolution dimension="x">20</wcs:Resolution><wcs:Resolution dimension="y">5</wcs:Resolution><wcs:DimensionTrim><wcs:Dimension crs="imageCRS">x</wcs:Dimension><wcs:TrimLow>0</wcs:TrimLow><wcs:TrimHigh>10</wcs:TrimHigh></wcs:DimensionTrim><wcs:DimensionTrim><wcs:Dimension crs="imageCRS">y</wcs:Dimension><wcs:TrimLow>0</wcs:TrimLow><wcs:TrimHigh>10</wcs:TrimHigh></wcs:DimensionTrim></wcs:GetCoverage>[/POST] > [RESULT_DEMIME]
#
# Scaling in Original CRS
# RUN_PARMS: wcs_20_post_getcov_origCRS_scaling_size_trim_both.tif [MAPSERV] -nh [POST]<?xml version="1.0" encoding="UTF-8"?><wcs:GetCoverage xmlns:wcs="http://www.opengis.net/wcs/2.0" service="WCS" version="2.0.0"><wcs:Format>image/tiff</wcs:Format><wcs:CoverageID>grey</wcs:CoverageID><wcs:Size dimension="x">30</wcs:Size><wcs:Size dimension="y">35</wcs:Size><wcs:DimensionTrim><wcs:Dimension crs="http://www.opengis.net/def/crs/EPSG/0/32611">x</wcs:Dimension><wcs:TrimLow>0</wcs:TrimLow><wcs:TrimHigh>50</wcs:TrimHigh></wcs:DimensionTrim><wcs:DimensionTrim><wcs:Dimension crs="http://www.opengis.net/def/crs/EPSG/0/32611">y</wcs:Dimension><wcs:TrimLow>0</wcs:TrimLow><wcs:TrimHigh>50</wcs:TrimHigh></wcs:DimensionTrim></wcs:GetCoverage>[/POST] > [RESULT_DEMIME]
# RUN_PARMS: wcs_20_post_getcov_origCRS_scaling_resolution_trim_both.tif [MAPSERV] -nh [POST]<?xml version="1.0" encoding="UTF-8"?><wcs:GetCoverage xmlns:wcs="http://www.opengis.net/wcs/2.0" service="WCS" version="2.0.0"><wcs:Format>image/tiff</wcs:Format><wcs:CoverageID>grey</wcs:CoverageID><wcs:Resolution dimension="x">5</wcs:Resolution><wcs:Resolution dimension="y">2</wcs:Resolution><wcs:DimensionTrim><wcs:Dimension crs="http://www.opengis.net/def/crs/EPSG/0/32611">x</wcs:Dimension><wcs:TrimLow>0</wcs:TrimLow><wcs:TrimHigh>50</wcs:TrimHigh></wcs:DimensionTrim><wcs:DimensionTrim><wcs:Dimension crs="http://www.opengis.net/def/crs/EPSG/0/32611">y</wcs:Dimension><wcs:TrimLow>0</wcs:TrimLow><wcs:TrimHigh>50</wcs:TrimHigh></wcs:DimensionTrim></wcs:GetCoverage>[/POST] > [RESULT_DEMIME]
#
# Reprojected Scaling
# RUN_PARMS: wcs_20_post_getcov_reproj_scaling_size_trim_both.tif [MAPSERV] -nh [POST]<?xml version="1.0" encoding="UTF-8"?><wcs:GetCoverage xmlns:wcs="http://www.opengis.net/wcs/2.0" service="WCS" version="2.0.0"><wcs:Format>image/tiff</wcs:Format><wcs:CoverageID>grey</wcs:CoverageID><wcs:Size dimension="lat">30</wcs:Size><wcs:Size dimension="lon">40</wcs:Size><wcs:DimensionTrim><wcs:Dimension crs="http://www.opengis.net/def/crs/EPSG/0/4326">lon</wcs:Dimension><wcs:TrimLow>-121.488</wcs:TrimLow><wcs:TrimHigh>-121.487</wcs:TrimHigh></wcs:DimensionTrim><wcs:DimensionTrim><wcs:Dimension crs="http://www.opengis.net/def/crs/EPSG/0/4326">lat</wcs:Dimension><wcs:TrimLow>0.000</wcs:TrimLow><wcs:TrimHigh>0.001</wcs:TrimHigh></wcs:DimensionTrim></wcs:GetCoverage>[/POST] > [RESULT_DEMIME]
# RUN_PARMS: wcs_20_post_getcov_reproj_scaling_resolution_trim_both.tif [MAPSERV] -nh [POST]<?xml version="1.0" encoding="UTF-8"?><wcs:GetCoverage xmlns:wcs="http://www.opengis.net/wcs/2.0" service="WCS" version="2.0.0"><wcs:Format>image/tiff</wcs:Format><wcs:CoverageID>grey</wcs:CoverageID><wcs:Resolution dimension="lat">0.00002</wcs:Resolution><wcs:Resolution dimension="lon">0.00005</wcs:Resolution><wcs:DimensionTrim><wcs:Dimension crs="http://www.opengis.net/def/crs/EPSG/0/4326">lon</wcs:Dimension><wcs:TrimLow>-121.488</wcs:TrimLow><wcs:TrimHigh>-121.487</wcs:TrimHigh></wcs:DimensionTrim><wcs:DimensionTrim><wcs:Dimension crs="http://www.opengis.net/def/crs/EPSG/0/4326">lat</wcs:Dimension><wcs:TrimLow>0.000</wcs:TrimLow><wcs:TrimHigh>0.001</wcs:TrimHigh></wcs:DimensionTrim></wcs:GetCoverage>[/POST] > [RESULT_DEMIME]
#
# Size and Resolution
# RUN_PARMS: wcs_20_post_getcov_scaling_size_resolution.tif [MAPSERV] -nh [POST]<?xml version="1.0" encoding="UTF-8"?><wcs:GetCoverage xmlns:wcs="http://www.opengis.net/wcs/2.0" service="WCS" version="2.0.0"><wcs:Format>image/tiff</wcs:Format><wcs:CoverageID>grey</wcs:CoverageID><wcs:Size dimension="x">10</wcs:Size><wcs:Resolution dimension="y">5</wcs:Resolution></wcs:GetCoverage>[/POST] > [RESULT_DEMIME]
# RUN_PARMS: wcs_20_post_getcov_scaling_resolution_size.tif [MAPSERV] -nh [POST]<?xml version="1.0" encoding="UTF-8"?><wcs:GetCoverage xmlns:wcs="http://www.opengis.net/wcs/2.0" service="WCS" version="2.0.0"><wcs:Format>image/tiff</wcs:Format><wcs:CoverageID>grey</wcs:CoverageID><wcs:Resolution dimension="x">5</wcs:Resolution><wcs:Size dimension="y">10</wcs:Size></wcs:GetCoverage>[/POST] > [RESULT_DEMIME]
#
# Interpolation
# RUN_PARMS: wcs_20_post_getcov_interpolation_nearest.tif [MAPSERV] -nh [POST]<?xml version="1.0" encoding="UTF-8"?><wcs:GetCoverage xmlns:wcs="http://www.opengis.net/wcs/2.0" service="WCS" version="2.0.0"><wcs:Format>image/tiff</wcs:Format><wcs:CoverageID>grey</wcs:CoverageID><wcs:Size dimension="x">20</wcs:Size><wcs:Size dimension="y">20</wcs:Size><wcs:Interpolation>NEAREST</wcs:Interpolation></wcs:GetCoverage>[/POST] > [RESULT_DEMIME]
# RUN_PARMS: wcs_20_post_getcov_interpolation_average.tif [MAPSERV] -nh [POST]<?xml version="1.0" encoding="UTF-8"?><wcs:GetCoverage xmlns:wcs="http://www.opengis.net/wcs/2.0" service="WCS" version="2.0.0"><wcs:Format>image/tiff</wcs:Format><wcs:CoverageID>grey</wcs:CoverageID><wcs:Size dimension="x">20</wcs:Size><wcs:Size dimension="y">20</wcs:Size><wcs:Interpolation>AVERAGE</wcs:Interpolation></wcs:GetCoverage>[/POST] > [RESULT_DEMIME]
# RUN_PARMS: wcs_20_post_getcov_interpolation_bilinear.tif [MAPSERV] -nh [POST]<?xml version="1.0" encoding="UTF-8"?><wcs:GetCoverage xmlns:wcs="http://www.opengis.net/wcs/2.0" service="WCS" version="2.0.0"><wcs:Format>image/tiff</wcs:Format><wcs:CoverageID>grey</wcs:CoverageID><wcs:Size dimension="x">20</wcs:Size><wcs:Size dimension="y">20</wcs:Size><wcs:Interpolation>BILINEAR</wcs:Interpolation></wcs:GetCoverage>[/POST] > [RESULT_DEMIME]
#
# InvalidParameterValue
# RUN_PARMS: wcs_20_post_exception_invalidparam_request.xml [MAPSERV] -nh [POST]<?xml version="1.0" encoding="UTF-8"?><wcs:InvalidRequest xmlns:wcs="http://www.opengis.net/wcs/2.0" service="WCS" version="2.0.0"/>[/POST] > [RESULT_DEMIME]
# RUN_PARMS: wcs_20_post_exception_invalidparam_coverage.xml [MAPSERV] -nh [POST]<?xml version="1.0" encoding="UTF-8"?><wcs:GetCoverage xmlns:wcs="http://www.opengis.net/wcs/2.0" service="WCS" version="2.0.0"><wcs:Format>image/tiff</wcs:Format><wcs:CoverageID>invalid</wcs:CoverageID></wcs:GetCoverage>[/POST] > [RESULT_DEMIME]
# RUN_PARMS: wcs_20_post_exception_invalidparam_format.xml [MAPSERV] -nh [POST]<?xml version="1.0" encoding="UTF-8"?><wcs:GetCoverage xmlns:wcs="http://www.opengis.net/wcs/2.0" service="WCS" version="2.0.0"><wcs:Format>image/invalid</wcs:Format><wcs:CoverageID>grey</wcs:CoverageID></wcs:GetCoverage>[/POST] > [RESULT_DEMIME]
# RUN_PARMS: wcs_20_post_exception_invalidparam_interpolation.xml [MAPSERV] -nh [POST]<?xml version="1.0" encoding="UTF-8"?><wcs:GetCoverage xmlns:wcs="http://www.opengis.net/wcs/2.0" service="WCS" version="2.0.0"><wcs:Format>image/tiff</wcs:Format><wcs:Interpolation>INVALIDINTERPOLATION</wcs:Interpolation><wcs:CoverageID>grey</wcs:CoverageID></wcs:GetCoverage>[/POST] > [RESULT_DEMIME]
#
# MissingParameterValue
# RUN_PARMS: wcs_20_post_exception_missingparam_coverage.xml [MAPSERV] -nh [POST]<?xml version="1.0" encoding="UTF-8"?><wcs:GetCoverage xmlns:wcs="http://www.opengis.net/wcs/2.0" service="WCS" version="2.0.0"><wcs:Format>image/tiff</wcs:Format></wcs:GetCoverage>[/POST] > [RESULT_DEMIME]
# RUN_PARMS: wcs_20_post_exception_missingparam_format.xml [MAPSERV] -nh [POST]<?xml version="1.0" encoding="UTF-8"?><wcs:GetCoverage xmlns:wcs="http://www.opengis.net/wcs/2.0" service="WCS" version="2.0.0"><wcs:CoverageID>grey</wcs:CoverageID></wcs:GetCoverage>[/POST] > [RESULT_DEMIME]
#
# TooManyParameterValues
# RUN_PARMS: wcs_20_post_exception_toomanyparams_coverage.xml [MAPSERV] -nh [POST]<?xml version="1.0" encoding="UTF-8"?><wcs:GetCoverage xmlns:wcs="http://www.opengis.net/wcs/2.0" service="WCS" version="2.0.0"><wcs:Format>image/tiff</wcs:Format><wcs:CoverageID>grey</wcs:CoverageID><wcs:CoverageID>grey2</wcs:CoverageID></wcs:GetCoverage>[/POST] > [RESULT_DEMIME]
#
# ExtentError
# RUN_PARMS: wcs_20_post_exception_extent_nooverlap.xml [MAPSERV] -nh [POST]<?xml version="1.0" encoding="UTF-8"?><wcs:GetCoverage xmlns:wcs="http://www.opengis.net/wcs/2.0" service="WCS" version="2.0.0"><wcs:Format>image/tiff</wcs:Format><wcs:CoverageID>grey</wcs:CoverageID><wcs:DimensionTrim><wcs:Dimension>x</wcs:Dimension><wcs:TrimLow>1000</wcs:TrimLow><wcs:TrimHigh>2000</wcs:TrimHigh></wcs:DimensionTrim><wcs:DimensionTrim><wcs:Dimension>y</wcs:Dimension><wcs:TrimLow>1000</wcs:TrimLow><wcs:TrimHigh>2000</wcs:TrimHigh></wcs:DimensionTrim></wcs:GetCoverage>[/POST] > [RESULT_DEMIME]
#
# ScalingError 
# RUN_PARMS: wcs_20_post_exception_scaling.xml [MAPSERV] -nh [POST]<?xml version="1.0" encoding="UTF-8"?><wcs:GetCoverage xmlns:wcs="http://www.opengis.net/wcs/2.0" service="WCS" version="2.0.0"><wcs:Format>image/tiff</wcs:Format><wcs:CoverageID>grey</wcs:CoverageID><wcs:Size dimension="x">20</wcs:Size><wcs:Resolution dimension="x">20</wcs:Resolution></wcs:GetCoverage>[/POST] > [RESULT_DEMIME]
#


MAP

NAME TEST
SIZE 400 300
EXTENT 0 0 400 300

IMAGETYPE PNG
TRANSPARENT OFF
SHAPEPATH "data"

OUTPUTFORMAT
  NAME GEOTIFF_16
  DRIVER "GDAL/GTiff"
  MIMETYPE "image/tiff"
  IMAGEMODE INT16
  EXTENSION "tif"
END
OUTPUTFORMAT
  NAME GDPNG
  DRIVER "AGG/PNG"
  MIMETYPE "image/png"
  IMAGEMODE RGB
  EXTENSION "png"
END
OUTPUTFORMAT
  NAME GDPNGGREY
  DRIVER "GD/PNG"
  MIMETYPE "image/png; mode=8bit"
  IMAGEMODE PC256
  EXTENSION "png"
END
OUTPUTFORMAT
  NAME AAIGRID
  DRIVER "GDAL/AAIGRID"
  MIMETYPE "image/x-aaigrid"
  IMAGEMODE INT16
  EXTENSION "grd"
END

PROJECTION
  "init=epsg:32611"
END

WEB
  METADATA
   # OWS stuff for server
   "ows_updatesequence"   "2007-10-30T14:23:38Z"
   "ows_title"            "First Test Service"
   "ows_fees"             "NONE"
   "ows_accessconstraints" "NONE"
   "ows_abstract"         "Test Abstract"
   "ows_keywordlist"      "keyword,list"
   "ows_service_onlineresource" "http://198.202.74.215/cgi-bin/wcs_demo"
   "ows_contactorganization" "OSGeo"
   "ows_contactperson"    "Frank Warmerdam"
   "ows_contactposition"  "Software Developer"
   "ows_contactvoicetelephone" "(613) 754-2041"
   "ows_contactfacsimiletelephone" "(613) 754-2041x343"
   "ows_address" "3594 Foymount Rd"
   "ows_city" "Eganville"
   "ows_stateorprovince" "Ontario"
   "ows_postcode" "K0J 1T0"
   "ows_country" "Canada"
   "ows_contactelectronicmailaddress" "warmerdam@pobox.com"
   "ows_hoursofservice" "0800h - 1600h EST"
   "ows_contactinstructions" "during hours of service"
   "ows_role" "staff"
   "ows_enable_request" "*" 

   # OGC:WCS
   "wcs_label"    "Test Label"
   "wcs_description" "Test description"
   "wcs_onlineresource"    "http://devgeo.cciw.ca/cgi-bin/mapserv/ecows"
   "wcs_metadatalink_href" "http://devgeo.cciw.ca/index.html"
  END
END

LAYER 
  NAME grey
  TYPE raster
  STATUS ON
  DUMP TRUE
  TILEINDEX "wcs_index.shp"
  TILEITEM "location"

  PROJECTION
    "init=epsg:32611"
  END
  METADATA   
   "ows_extent" "0 0 400 300"
   "wcs_label" "Test label"
   "ows_srs"	"EPSG:32611 EPSG:4326"
   "wcs_resolution" "10 10"
   "wcs_bandcount" "1"
   "wcs_formats" "GEOTIFF_16 GDPNG AAIGRID"
   "wcs_nativeformat" "GeoTIFF"
   "wcs_description" "Test description"
   "wcs_metadatalink_href" "http://www.gdal.org/metadata_test_link.html"
   "wcs_keywordlist" "test,mapserver"
   "wcs_abstract" "Category: Image
Product: IKONOS-2 PAN/MSI
Acquisition: 1999-10-11 18:47"
   "wcs_rangeset_axes" "bands"
   "wcs_rangeset_name" "Landsat 5 TM Bands"
   "wcs_rangeset_label" "Bands"
   "wcs_rangeset_description" "Bands for Landsat 5 TM"
   "wcs_rangeset_nullvalue" "-99"
  END
END

END
