#
# entity-encoded text rendering test.
# this test may potentially segfault
#   
# REQUIRES: OUTPUT=PNG
#
MAP

STATUS ON
EXTENT 0 0 400 300
SIZE 400 300
FONTSET "../misc/fonts.lst"
IMAGETYPE aggpng24
symbolset "symbolset"

CONFIG MS_ERRORFILE "stderr"
DEBUG ON

LAYER
  NAME "symbol"
  TYPE point
  STATUS default
  CLASS
    NAME "test1"
    STYLE
        SYMBOL "gdalicon"
    END
    LABEL
        position lc
        FONT "default"
        TYPE TRUETYPE
        SIZE 8
        color 0 0 0
    end
  END
  FEATURE
    POINTS
        50 50
    END
    TEXT "marker"
  END
END

LAYER
  NAME "symbol rotated"
  TYPE point
  STATUS default
  CLASS
    NAME "test1"
    STYLE
        SYMBOL "gdalicon"
        SIZE 55
        ANGLE 45
    END
    LABEL
        position lc
        FONT "default"
        TYPE TRUETYPE
        SIZE 8
        color 0 0 0
        outlinecolor 255 255 255
        outlinewidth 3
        backgroundcolor 255 0 0
    end
  END
  FEATURE
    POINTS
        200 200
    END
    TEXT "rotated marker"
  END
END

LAYER
    NAME "anchors"
    TYPE POINT
    STATUS default
    CLASS
        STYLE
            COLOR 255 0 0
            SIZE 8
            WIDTH 1
            SYMBOL "circle"
        END
    END
    FEATURE POINTS 50 50 END END
    FEATURE POINTS 200 200 END END
END

END
